=== StreetSamurai Entertainment Generator (Batch 2) ===
Output: D:\Projects\MindAttic\StreetSamurai\engine\data\entertainment
Target: 200 entries across 6 categories

Existing files: 50

[movie] Have 20/60. Need 40 more.
  Batch: 10 movie entries...
    Saved 10/10 entries.
  Batch: 10 movie entries...
    Error (attempt 1/3): {"type":"error","error":{"type":"overloaded_error","message":"Overloaded"},"request_id":"req_011CZnxZxT156uisN8M2Cjir"}
    Retrying in 3s...
    Error (attempt 2/3): {"type":"error","error":{"type":"overloaded_error","message":"Overloaded"},"request_id":"req_011CZnxaSUyec6HA91PHQMsj"}
    Retrying in 3s...
    Error (attempt 3/3): {"type":"error","error":{"type":"overloaded_error","message":"Overloaded"},"request_id":"req_011CZnxawUVhTyyadsVq4pur"}
  Batch: 10 movie entries...
    Error (attempt 1/3): {"type":"error","error":{"type":"overloaded_error","message":"Overloaded"},"request_id":"req_011CZnxbREqfxk885Ph65CW2"}
    Retrying in 3s...
    Error (attempt 2/3): {"type":"error","error":{"type":"overloaded_error","message":"Overloaded"},"request_id":"req_011CZnxbso1bCnhh4kVmTdqU"}
    Retrying in 3s...
    Saved 10/10 entries.
  Batch: 10 movie entries...
    Error (attempt 1/3): {"type":"error","error":{"type":"overloaded_error","message":"Overloaded"},"request_id":"req_011CZnxjxCeo1TpdELeFjny7"}
    Retrying in 3s...
    Saved 10/10 entries.
[movie] Generated 30 new entries.

[show] Have 0/60. Need 60 more.
  Batch: 10 show entries...
    Saved 10/10 entries.
  Batch: 10 show entries...
