=== StreetSamurai Entertainment Generator (Batch 3) ===
Output: D:\Projects\MindAttic\StreetSamurai\engine\data\entertainment
Total target: 200 entries across 7 categories

Existing files: 50

[game] Have 10/50. Need 40 more.
  Batch: ranks 11-20 (10 entries)...
    Saved 10/10 entries.
  Batch: ranks 21-30 (10 entries)...
    Error (attempt 1/3): {"type":"error","error":{"type":"overloaded_error","message":"Overloaded"},"request_id":"req_011CZnxbz1Kof457wuiuVnjo"}
    Retrying in 3s...
    Error (attempt 2/3): {"type":"error","error":{"type":"overloaded_error","message":"Overloaded"},"request_id":"req_011CZnxcR7RjsEBZbYeJPYgN"}
    Retrying in 3s...
    Error (attempt 3/3): {"type":"error","error":{"type":"overloaded_error","message":"Overloaded"},"request_id":"req_011CZnxcqgncGiAicte2SBtG"}
  Batch: ranks 31-40 (10 entries)...
    Saved 10/10 entries.
  Batch: ranks 41-50 (10 entries)...
    Saved 10/10 entries.
[game] Generated 30 new entries.

[sport] Have 0/30. Need 30 more.
  Batch: ranks 1-10 (10 entries)...
