=== StreetSamurai Apparel GAP Generator ===
Output: D:\Projects\MindAttic\StreetSamurai\engine\data\apparel
Target: 200 items across 7 gap categories

Existing files: 605

[headwear] Have 20/30. Need 10 more.
  Batch 1: generating 5 headwear items...
    Saved 5/5 items.
  Batch 2: generating 5 headwear items...
    Saved 5/5 items.
[headwear] Generated 10 new items.

[gloves] Have 0/30. Need 30 more.
  Batch 1: generating 5 gloves items...
    Saved 5/5 items.
  Batch 2: generating 5 gloves items...
    Saved 5/5 items.
  Batch 3: generating 5 gloves items...
    Saved 5/5 items.
  Batch 4: generating 5 gloves items...
    Saved 5/5 items.
  Batch 5: generating 5 gloves items...
    Saved 5/5 items.
  Batch 6: generating 5 gloves items...
    Saved 5/5 items.
[gloves] Generated 30 new items.

[accessory] Have 0/30. Need 30 more.
  Batch 1: generating 5 accessory items...
    Saved 5/5 items.
  Batch 2: generating 5 accessory items...
    Saved 5/5 items.
  Batch 3: generating 5 accessory items...
    Saved 5/5 items.
  Batch 4: generating 5 accessory items...
    Saved 5/5 items.
  Batch 5: generating 5 accessory items...
    SKIP (exists): Carrow & Fenn Dispatch Sling Pack
    Saved 4/5 items.
  Batch 6: generating 5 accessory items...
    Saved 5/5 items.
[accessory] Generated 29 new items.

[base_layer] Have 0/20. Need 20 more.
  Batch 1: generating 5 base_layer items...
    Saved 5/5 items.
  Batch 2: generating 5 base_layer items...
    Saved 5/5 items.
  Batch 3: generating 5 base_layer items...
    Saved 5/5 items.
  Batch 4: generating 5 base_layer items...
    Saved 5/5 items.
[base_layer] Generated 20 new items.

[cultural] Have 0/30. Need 30 more.
  Batch 1: generating 5 cultural items...
    Saved 5/5 items.
  Batch 2: generating 5 cultural items...
    Saved 5/5 items.
  Batch 3: generating 5 cultural items...
    Saved 5/5 items.
  Batch 4: generating 5 cultural items...
    Saved 5/5 items.
  Batch 5: generating 5 cultural items...
    Saved 5/5 items.
  Batch 6: generating 5 cultural items...
    Saved 5/5 items.
[cultural] Generated 30 new items.

[protective] Have 0/30. Need 30 more.
  Batch 1: generating 5 protective items...
    Saved 5/5 items.
  Batch 2: generating 5 protective items...
    Saved 5/5 items.
  Batch 3: generating 5 protective items...
    Saved 5/5 items.
  Batch 4: generating 5 protective items...
    Saved 5/5 items.
  Batch 5: generating 5 protective items...
    Saved 5/5 items.
  Batch 6: generating 5 protective items...
    Saved 5/5 items.
[protective] Generated 30 new items.

[gap_outfit] Have 0/30. Need 30 more.
  Batch 1: generating 5 gap_outfit items...
    Saved 5/5 items.
  Batch 2: generating 5 gap_outfit items...
    SKIP (exists): Lazarus Ripperdoc Street Clinic Full Rig
    Saved 4/5 items.
  Batch 3: generating 5 gap_outfit items...
    Saved 5/5 items.
  Batch 4: generating 5 gap_outfit items...
    Saved 5/5 items.
  Batch 5: generating 5 gap_outfit items...
    Error (attempt 1/3): {"type":"error","error":{"type":"overloaded_error","message":"Overloaded"},"request_id":"req_011CZoDEWktheYpB8ke85BAd"}
    Retrying in 3s...
    Error (attempt 2/3): {"type":"error","error":{"type":"overloaded_error","message":"Overloaded"},"request_id":"req_011CZoDF5sxAHa2j3EuymKP6"}
    Retrying in 3s...
    Error (attempt 3/3): {"type":"error","error":{"type":"overloaded_error","message":"Overloaded"},"request_id":"req_011CZoDFnHJzCxxVMF4uZQhU"}
  Batch 6: generating 5 gap_outfit items...
    Error (attempt 1/3): {"type":"error","error":{"type":"overloaded_error","message":"Overloaded"},"request_id":"req_011CZoDGaiaDDxHH4AnUmNdA"}
    Retrying in 3s...
    Error (attempt 2/3): {"type":"error","error":{"type":"overloaded_error","message":"Overloaded"},"request_id":"req_011CZoDHEzSVmsfAGk5smSnC"}
    Retrying in 3s...
    Error (attempt 3/3): {"type":"error","error":{"type":"overloaded_error","message":"Overloaded"},"request_id":"req_011CZoDHutWkrXXnv8hZhH7K"}
[gap_outfit] Generated 19 new items.

=== DONE ===
Total files in apparel/: 773
Generated this run: 168
