=== StreetSamurai Entertainment Music Generator ===
Output: D:\Projects\MindAttic\StreetSamurai\engine\data\entertainment
Target: 200 entries across 6 categories

Existing files: 614
[band] Already have 50/50. Skipping.

[album] Have 35/50. Need 15 more.
  Batch 1/3: generating 5 album entries...
    Saved 5/5 entries.
  Batch 2/3: generating 5 album entries...
    Saved 5/5 entries.
  Batch 3/3: generating 5 album entries...
    Saved 5/5 entries.
[album] Generated 15 new entries.

[song] Have 0/50. Need 50 more.
  Batch 1/10: generating 5 song entries...
    Saved 5/5 entries.
  Batch 2/10: generating 5 song entries...
    Saved 5/5 entries.
  Batch 3/10: generating 5 song entries...
    Saved 5/5 entries.
  Batch 4/10: generating 5 song entries...
    Saved 5/5 entries.
  Batch 5/10: generating 5 song entries...
    Saved 5/5 entries.
